#./src/main/resources/Entities.map
#Mon Jun 25 19:46:15 CEST 2018
user3=282
spamFolderAdministrator2=348
user2=281
spamFolderAdministrator1=342
user1=280
article19=303
article18=302
notificationboxFolderAdministrator2=346
article17=301
article16=300
notificationboxFolderAdministrator1=340
article15=299
article14=298
article13=297
article12=296
article11=295
outboxFolderUser3=363
article10=294
outboxFolderUser2=357
outboxFolderUser1=351
rootFolderAgent2=379
trashboxFolderAgent2=383
rootFolderAgent1=373
spamFolderAgent2=384
trashboxFolderAgent1=377
followUp9=326
spamFolderAgent1=378
followUp8=325
followUp7=324
inboxFolderAdministrator2=344
followUp6=323
inboxFolderAdministrator1=338
followUp5=322
followUp4=321
rootFolderCustomer1=367
followUp3=320
followUp2=319
followUp1=318
notificationboxFolderUser3=364
notificationboxFolderUser2=358
notificationboxFolderUser1=352
admin=278
rootFolderAdministrator2=343
rootFolderAdministrator1=337
inboxFolderUser3=362
inboxFolderUser2=356
notificationboxFolderAgent2=382
inboxFolderUser1=350
notificationboxFolderAgent1=376
outboxFolderCustomer1=369
followUp10=327
notificationboxFolderCustomer1=370
inboxFolderAgent2=380
inboxFolderAgent1=374
spamFolderUser3=366
spamFolderUser2=360
spamFolderUser1=354
chirp5=309
chirp4=308
chirp3=307
chirp2=306
chirp1=305
outboxFolderAgent2=381
outboxFolderAgent1=375
customer1=317
spamFolderCustomer1=372
creditCard4=314
config=310
creditCard3=313
creditCard2=312
creditCard1=311
rootFolderUser3=361
rootFolderUser2=355
rootFolderUser1=349
newspaper9=336
newspaper8=335
advertisement3=394
newspaper7=334
advertisement2=393
newspaper6=333
advertisement1=392
newspaper5=332
inboxFolderCustomer1=368
trashboxFolderAdministrator2=347
newspaper4=331
trashboxFolderAdministrator1=341
admin2=279
newspaper3=330
newspaper2=329
newspaper1=328
article9=293
article8=292
article7=291
article6=290
article5=289
article4=288
article3=287
article2=286
article1=285
message3=387
message2=386
message1=385
agent2=284
agent1=283
volume2=316
volume1=315
outboxFolderAdministrator2=345
cosaX4=391
outboxFolderAdministrator1=339
cosaX3=390
userAccount8=277
cosaX2=389
trashboxFolderUser3=365
userAccount7=276
cosaX1=388
trashboxFolderUser2=359
userAccount6=275
trashboxFolderUser1=353
userAccount5=274
userAccount4=273
article20=304
userAccount3=272
userAccount2=271
trashboxFolderCustomer1=371
userAccount1=270
